// Jest Snapshot v1, https://goo.gl/fbAQLP

exports[`PrimeraApp Tests Should display <PrimeraApp/> correctly 1`] = `
<Fragment>
  <h1>
    Hello
  </h1>
  <p>
    Soy un subtitulo
  </p>
</Fragment>
`;
